// Jest Snapshot v1, https://goo.gl/fbAQLP

exports[`Footer component matches snapshot DOM node structure 1`] = `
<DocumentFragment>
  <footer
    class="footer mt-auto "
    datatest-id="footer"
  >
    <div>
      <h5
        id="info-id"
      >
        My Info:
        <a
          href="https://github.com/ds1242"
          rel="noreferrer noopener"
          target="_blank"
        >
          <i
            class="bi bi-github"
          />
        </a>
        <a
          href="https://www.linkedin.com/in/david-shaw1242"
          rel="noreferrer noopener"
          target="_blank"
        >
          <i
            class="bi bi-linkedin"
          />
        </a>
      </h5>
      <h5
        datatest-id="date"
      >
        Copyright Â© 2021
      </h5>
    </div>
  </footer>
</DocumentFragment>
`;
