// Jest Snapshot v1, https://goo.gl/fbAQLP

exports[`App component matches snapshot 1`] = `
<DocumentFragment>
  <div
    class="App"
  >
    <header>
      <nav
        class="navbar navbar-expand-sm"
        data-testid="navbar"
      >
        <div
          class="container-fluid "
        >
          <a
            class="navbar-brand"
            data-testid="link"
            href="/"
          >
            <h1>
              David's Portfolio
            </h1>
          </a>
          <ul
            class="navbar-nav "
          >
            <li
              class="navActive"
            >
              <a
                class="nav-link active"
                data-testid="about"
                href="#about"
              >
                <h3>
                  About Me
                </h3>
              </a>
            </li>
            <li
              class="false"
            >
              <a
                class="nav-link active"
                href="#work"
              >
                <h3>
                  My Projects
                </h3>
              </a>
            </li>
            <li
              class="false"
            >
              <a
                class="nav-link active"
                href="#contact-me"
              >
                <h3>
                  Contact
                </h3>
              </a>
            </li>
            <li
              class="false"
            >
              <a
                class="nav-link active"
                href="#resume"
              >
                <h3>
                  Resume
                </h3>
              </a>
            </li>
          </ul>
        </div>
      </nav>
    </header>
    <main>
      <section
        id="about-section"
      >
        <img
          alt="cover"
          class="cover-image"
          src="mountain2-min.jpg"
          style="width: 100%;"
        />
        <div
          class="container-fluid"
        >
          <div
            class="row"
            id="about-title"
          >
            <h2
              id="about"
            >
              Who Am I
            </h2>
          </div>
        </div>
        <div
          class="container"
          id="about-content"
        >
          <div
            class="row justify-content-lg-center"
          >
            <div
              class="col-lg-6"
              id="image-id"
            >
              <img
                alt="David hiking in fall"
                class="personal-photo"
                id="about-me-img"
                src="IMG_3529-min.jpg"
              />
            </div>
            <div
              class="col-lg-6"
              id="about-text"
            >
              <p>
                Full stack web developer with several years of Business Analyst experience and a degree in Information Systems from the University of Utah.  Recently earned a certificate in full stack web development from the University of Utah. Skills in HTML, CSS, Javascript, and Node.js.  Always learning new technologies and improving to strive to create impactful web applications for end users.  My variety of previous experiences provide me with a unique perspective to know when and what questions to ask to ensure that applications provide the best results and utility for end users.
              </p>
            </div>
          </div>
        </div>
      </section>
    </main>
    <footer
      class="footer mb-auto"
      datatest-id="footer"
    >
      <div>
        <h5
          id="info-id"
        >
          My Info:
          <a
            href="https://bit.ly/3eKK7uy"
            rel="noreferrer noopener"
            target="_blank"
          >
            <i
              class="bi bi-github"
            />
          </a>
          <a
            href="https://bit.ly/3x0CDd4"
            rel="noreferrer noopener"
            target="_blank"
          >
            <i
              class="bi bi-linkedin"
            />
          </a>
        </h5>
        <h5
          datatest-id="date"
        >
          Copyright Â© 2021
        </h5>
      </div>
    </footer>
  </div>
</DocumentFragment>
`;
